// Jest Snapshot v1, https://goo.gl/fbAQLP

exports[`<MetricsDisplay /> matches snapshot 1`] = `<MetricsDispaly />`;
